<!DOCTYPE html><html lang="en"><head><meta charset="utf-8"><meta name="viewport" content="width=device-width, initial-scale=1.0"><meta name="generator" content="rustdoc"><meta name="description" content="`Expected` represents an explanation of what data a `Visitor` was expecting to receive."><title>Expected in serde::de - Rust</title><link rel="preload" as="font" type="font/woff2" crossorigin href="../../static.files/SourceSerif4-Regular-46f98efaafac5295.ttf.woff2"><link rel="preload" as="font" type="font/woff2" crossorigin href="../../static.files/FiraSans-Regular-018c141bf0843ffd.woff2"><link rel="preload" as="font" type="font/woff2" crossorigin href="../../static.files/FiraSans-Medium-8f9a781e4970d388.woff2"><link rel="preload" as="font" type="font/woff2" crossorigin href="../../static.files/SourceCodePro-Regular-562dcc5011b6de7d.ttf.woff2"><link rel="preload" as="font" type="font/woff2" crossorigin href="../../static.files/SourceCodePro-Semibold-d899c5a5c4aeb14a.ttf.woff2"><link rel="stylesheet" href="../../static.files/normalize-76eba96aa4d2e634.css"><link rel="stylesheet" href="../../static.files/rustdoc-5bc39a1768837dd0.css"><meta name="rustdoc-vars" data-root-path="../../" data-static-root-path="../../static.files/" data-current-crate="serde" data-themes="" data-resource-suffix="" data-rustdoc-version="1.78.0-nightly (ee9c7c940 2024-02-14)" data-channel="nightly" data-search-js="search-dd67cee4cfa65049.js" data-settings-js="settings-4313503d2e1961c2.js" ><script src="../../static.files/storage-4c98445ec4002617.js"></script><script defer src="sidebar-items.js"></script><script defer src="../../static.files/main-48f368f3872407c8.js"></script><noscript><link rel="stylesheet" href="../../static.files/noscript-04d5337699b92874.css"></noscript><link rel="alternate icon" type="image/png" href="../../static.files/favicon-16x16-8b506e7a72182f1c.png"><link rel="alternate icon" type="image/png" href="../../static.files/favicon-32x32-422f7d1d52889060.png"><link rel="icon" type="image/svg+xml" href="../../static.files/favicon-2c020d218678b618.svg"><link rel="stylesheet" href="https://cdn.jsdelivr.net/npm/katex@0.16.8/dist/katex.min.css" integrity="sha384-GvrOXuhMATgEsSwCs4smul74iXGOixntILdUW9XmUC6+HX0sLNAK3q71HotJqlAn" crossorigin="anonymous">

<!-- The loading of KaTeX is deferred to speed up page rendering -->
<script defer src="https://cdn.jsdelivr.net/npm/katex@0.16.8/dist/katex.min.js" integrity="sha384-cpW21h6RZv/phavutF+AuVYrr+dA8xD9zs6FwLpaCct6O9ctzYFfFr4dgmgccOTx" crossorigin="anonymous"></script>

<style>
  code.code-math {
      background-color: transparent;
  }
</style>

<script>
  'use strict';

  const macros = {
    // '\\foo': '42',
    // '\\bar': '\\operatorname{bar}^{#1}',
    '\\halfopen': '[#1, #2)',
    '\\floor': '\\lfloor #1\\rfloor',
    '\\ceil': '\\lceil #1\\rceil',
    '\\rounded': '\\lfloor #1\\rceil',
    '\\Floor': '\\left\\lfloor #1\\right\\rfloor',
    '\\Ceil': '\\left\\lceil #1\\right\\rceil',
    '\\Rounded': '\\left\\lfloor #1\\right\\rceil',
    '\\angled': '\\langle #1\\rangle',
    '\\Angled': '\\left\\langle #1\\right\\rangle',
    '\\lcm': '\\operatorname*{lcm}',
    '\\gcd': '\\operatorname*{gcd}',
    '\\poly': '\\operatorname{poly}',
    '\\polylog': '\\operatorname{polylog}',
    '\\concat': '\\mathrel{+\\!\\!+}',
    '\\mex': '\\operatorname*{mex}',
    '\\qed': '\\square',
    '\\Q': '\\mathbb{Q}',
    '\\dd': '\\mathrm{d}',
    '\\ForallL': '{}^{\\forall}#1.\\:#2',
    '\\Forall': '{}^{\\forall}#1.\\,\\left[#2\\right]',
    '\\ExistsL': '{}^{\\exists}#1.\\:#2',
    '\\Exists': '{}^{\\exists}#1.\\,\\left[#2\\right]',
    '\\roundp': '(\\kern-.2em[#1]\\kern-.2em)',
    '\\bigroundp': '\\big(\\kern-.25em\\big[#1\\big]\\kern-.25em\\big)',
    '\\Bigroundp': '\\Big(\\kern-.3em\\Big[#1\\Big]\\kern-.3em\\Big)',
    '\\biggroundp': '\\bigg(\\kern-.3em\\bigg[#1\\bigg]\\kern-.3em\\bigg)',
    '\\Biggroundp': '\\Bigg(\\kern-.35em\\Bigg[#1\\Bigg]\\kern-.35em\\Bigg)',
    '\\hfloor': '\\lfloor\\hspace{-.25em}\\lfloor#1\\rfloor\\hspace{-.25em}\\rfloor',
    '\\xgets': '\\xleftarrow{#1}',
    '\\eod': '\\blacksquare', // end of \<details\>
    '\\lldot': '\\mathop{.\\,.}',
    '\\dp': '\\mathrm{dp}',
  };

  document.addEventListener('DOMContentLoaded', () => {
    const maths = document.getElementsByClassName('language-math');
    for (const elt of maths) {
      katex.render(elt.innerText, elt, { displayMode: true, macros });
    }

    const codes = Array.from(document.getElementsByTagName('code'));
    for (const elt of codes) {
      if (elt.classList.contains('language-math')) continue;
      if (elt.classList.contains('language-inline-math')) {
        katex.render(elt.innerText, elt, { macros });
        continue;
      }

      const parent = elt.parentNode;
      if (parent.nodeName.toLowerCase() === 'pre') {
        continue;
      }

      parent.style.overflowX = 'unset';
      const content = parent.outerHTML.replaceAll(
        /\$<code>([^<]*?)<\/code>\$/g,
        ((match, inner) => {
          return `<code class="code-math">${katex.renderToString(inner, { macros })}</code>`;
        }),
      );

      try {
        parent.outerHTML = content;
      } catch (DOMException) {
        continue;
      }
    }
  });
</script>

<script>
  'use strict';

  const cratesLs = {
    "algo": [
      "bisect",
      "tortoise_hare"
    ],
    "corro": [
      "borrow"
    ],
    "discussion": [
      "dp",
      "plane-sweep"
    ],
    "ds": [
      "foldable_deque",
      "foldable_queue",
      "rs01_dict",
      "union-find",
      "vec_segtree"
    ],
    "fmt": [
      "str_sep",
      "yes_no"
    ],
    "graph": [
      "bfs01",
      "dijkstra"
    ],
    "inner": [],
    "integer": [
      "bin_iter",
      "pdep_pext"
    ],
    "io": [
      "input",
      "readable"
    ],
    "macros": [],
    "math": [
      "divisors",
      "factors",
      "linear_sieve",
      "modint"
    ],
    "naive": [
      "assoc-list",
      "concat-monoid",
      "disjoint-set",
      "rs01_dict"
    ],
    "ops": [
      "monoid",
      "op_add",
      "usize_bounds"
    ],
    "poc": [
      "katex-support"
    ],
    "random": [
      "randgen"
    ],
    "seq": [
      "inversion",
      "lis",
      "majority_vote",
      "suffix_array"
    ],
    "snippet": [
      "proconio"
    ],
    "uslice": [
      "bucket_sort",
      "permutation"
    ]
  };

  document.addEventListener('DOMContentLoaded', () => {
    const crates = [...document.getElementsByClassName('block crate')][0];

    const links = new Map([...crates.querySelectorAll('a')].map((e) => [
      e.innerText,
      {
        name: e.innerText,
        href: e.href,
        current: e.parentNode.classList.contains('current'),
      },
    ]));

    const tree = new Map();
    for (const mod of Object.keys(cratesLs)) {
      for (const crate of cratesLs[mod]) {
        const crate_ = crate.replaceAll('-', '_');
        if (!links.has(crate_)) continue;

        if (!tree.has(mod)) {
          tree.set(mod, []);
        }

        tree.get(mod).push(links.get(crate_));
      }
    }

    const cratesElt = document.createElement('ul');
    cratesElt.classList.add('block');
    cratesElt.classList.add('crate');
    for (const [modName, mod] of tree) {
      {
        const li = document.createElement('li');
        const a = document.createElement('a');
        const link = links.get(modName);
        a.href = link.href;
        if (link.current) li.classList.add('current');
        a.innerText = link.name;
        li.appendChild(a);
        cratesElt.appendChild(li);
      }

      const ul = document.createElement('ul');
      for (const crate of mod) {
        const li = document.createElement('li');
        const a = document.createElement('a');
        a.href = crate.href;
        if (crate.current) li.classList.add('current');
        a.innerText = crate.name;
        li.appendChild(a);
        ul.appendChild(li);
      }
      cratesElt.appendChild(ul);
    }

    crates.outerHTML = cratesElt.outerHTML;
  });
</script>

</head><body class="rustdoc trait"><!--[if lte IE 11]><div class="warning">This old browser is unsupported and will most likely display funky things.</div><![endif]--><nav class="mobile-topbar"><button class="sidebar-menu-toggle" title="show sidebar"></button></nav><nav class="sidebar"><div class="sidebar-crate"><h2><a href="../../serde/index.html">serde</a><span class="version">1.0.196</span></h2></div><h2 class="location"><a href="#">Expected</a></h2><div class="sidebar-elems"><section><h3><a href="#required-methods">Required Methods</a></h3><ul class="block"><li><a href="#tymethod.fmt">fmt</a></li></ul><h3><a href="#foreign-impls">Implementations on Foreign Types</a></h3><ul class="block"><li><a href="#impl-Expected-for-%26str">&amp;&#x27;a str</a></li></ul><h3><a href="#trait-implementations">Trait Implementations</a></h3><ul class="block trait-implementation"><li><a href="#impl-Display-for-dyn+Expected">Display</a></li></ul><h3><a href="#implementors">Implementors</a></h3></section><h2><a href="index.html">In serde::de</a></h2></div></nav><div class="sidebar-resizer"></div>
    <main><div class="width-limiter"><nav class="sub"><form class="search-form"><span></span><div id="sidebar-button" tabindex="-1"><a href="../../serde/all.html" title="show sidebar"></a></div><input class="search-input" name="search" aria-label="Run search in the documentation" autocomplete="off" spellcheck="false" placeholder="Click or press ‘S’ to search, ‘?’ for more options…" type="search"><div id="help-button" tabindex="-1"><a href="../../help.html" title="help">?</a></div><div id="settings-menu" tabindex="-1"><a href="../../settings.html" title="settings"><img width="22" height="22" alt="Change settings" src="../../static.files/wheel-7b819b6101059cd0.svg"></a></div></form></nav><section id="main-content" class="content"><div class="main-heading"><h1>Trait <a href="../index.html">serde</a>::<wbr><a href="index.html">de</a>::<wbr><a class="trait" href="#">Expected</a><button id="copy-path" title="Copy item path to clipboard"><img src="../../static.files/clipboard-7571035ce49a181d.svg" width="19" height="18" alt="Copy item path"></button></h1><span class="out-of-band"><a class="src" href="../../src/serde/de/mod.rs.html#475-479">source</a> · <button id="toggle-all-docs" title="collapse all docs">[<span>&#x2212;</span>]</button></span></div><pre class="rust item-decl"><code>pub trait Expected {
    // Required method
    fn <a href="#tymethod.fmt" class="fn">fmt</a>(&amp;self, formatter: &amp;mut <a class="struct" href="https://doc.rust-lang.org/nightly/core/fmt/struct.Formatter.html" title="struct core::fmt::Formatter">Formatter</a>&lt;'_&gt;) -&gt; <a class="type" href="https://doc.rust-lang.org/nightly/core/fmt/type.Result.html" title="type core::fmt::Result">Result</a>;
}</code></pre><details class="toggle top-doc" open><summary class="hideme"><span>Expand description</span></summary><div class="docblock"><p><code>Expected</code> represents an explanation of what data a <code>Visitor</code> was expecting
to receive.</p>
<p>This is used as an argument to the <code>invalid_type</code>, <code>invalid_value</code>, and
<code>invalid_length</code> methods of the <code>Error</code> trait to build error messages. The
message should be a noun or noun phrase that completes the sentence “This
Visitor expects to receive …”, for example the message could be “an
integer between 0 and 64”. The message should not be capitalized and should
not end with a period.</p>
<p>Within the context of a <code>Visitor</code> implementation, the <code>Visitor</code> itself
(<code>&amp;self</code>) is an implementation of this trait.</p>

<div class="example-wrap edition"><a href="#" class="tooltip" title="This example runs with edition 2021">ⓘ</a><pre class="rust rust-example-rendered"><code><span class="kw">fn </span>visit_bool&lt;E&gt;(<span class="self">self</span>, v: bool) -&gt; <span class="prelude-ty">Result</span>&lt;<span class="self">Self</span>::Value, E&gt;
<span class="kw">where
    </span>E: de::Error,
{
    <span class="prelude-val">Err</span>(de::Error::invalid_type(Unexpected::Bool(v), <span class="kw-2">&amp;</span><span class="self">self</span>))
}</code></pre></div>
<p>Outside of a <code>Visitor</code>, <code>&amp;&quot;...&quot;</code> can be used.</p>

<div class="example-wrap edition"><a href="#" class="tooltip" title="This example runs with edition 2021">ⓘ</a><pre class="rust rust-example-rendered"><code><span class="kw">return </span><span class="prelude-val">Err</span>(de::Error::invalid_type(
    Unexpected::Bool(v),
    <span class="kw-2">&amp;</span><span class="string">"a negative integer"</span>,
));</code></pre></div>
</div></details><h2 id="required-methods" class="section-header">Required Methods<a href="#required-methods" class="anchor">§</a></h2><div class="methods"><details class="toggle method-toggle" open><summary><section id="tymethod.fmt" class="method"><a class="src rightside" href="../../src/serde/de/mod.rs.html#478">source</a><h4 class="code-header">fn <a href="#tymethod.fmt" class="fn">fmt</a>(&amp;self, formatter: &amp;mut <a class="struct" href="https://doc.rust-lang.org/nightly/core/fmt/struct.Formatter.html" title="struct core::fmt::Formatter">Formatter</a>&lt;'_&gt;) -&gt; <a class="type" href="https://doc.rust-lang.org/nightly/core/fmt/type.Result.html" title="type core::fmt::Result">Result</a></h4></section></summary><div class="docblock"><p>Format an explanation of what data was being expected. Same signature as
the <code>Display</code> and <code>Debug</code> traits.</p>
</div></details></div><h2 id="trait-implementations" class="section-header">Trait Implementations<a href="#trait-implementations" class="anchor">§</a></h2><div id="trait-implementations-list"><details class="toggle implementors-toggle" open><summary><section id="impl-Display-for-dyn+Expected" class="impl"><a class="src rightside" href="../../src/serde/de/mod.rs.html#496-500">source</a><a href="#impl-Display-for-dyn+Expected" class="anchor">§</a><h3 class="code-header">impl&lt;'a&gt; <a class="trait" href="https://doc.rust-lang.org/nightly/core/fmt/trait.Display.html" title="trait core::fmt::Display">Display</a> for dyn <a class="trait" href="trait.Expected.html" title="trait serde::de::Expected">Expected</a> + 'a</h3></section></summary><div class="impl-items"><details class="toggle method-toggle" open><summary><section id="method.fmt" class="method trait-impl"><a class="src rightside" href="../../src/serde/de/mod.rs.html#497-499">source</a><a href="#method.fmt" class="anchor">§</a><h4 class="code-header">fn <a href="https://doc.rust-lang.org/nightly/core/fmt/trait.Display.html#tymethod.fmt" class="fn">fmt</a>(&amp;self, formatter: &amp;mut <a class="struct" href="https://doc.rust-lang.org/nightly/core/fmt/struct.Formatter.html" title="struct core::fmt::Formatter">Formatter</a>&lt;'_&gt;) -&gt; <a class="type" href="https://doc.rust-lang.org/nightly/core/fmt/type.Result.html" title="type core::fmt::Result">Result</a></h4></section></summary><div class='docblock'>Formats the value using the given formatter. <a href="https://doc.rust-lang.org/nightly/core/fmt/trait.Display.html#tymethod.fmt">Read more</a></div></details></div></details></div><h2 id="foreign-impls" class="section-header">Implementations on Foreign Types<a href="#foreign-impls" class="anchor">§</a></h2><details class="toggle implementors-toggle"><summary><section id="impl-Expected-for-%26str" class="impl"><a class="src rightside" href="../../src/serde/de/mod.rs.html#490-494">source</a><a href="#impl-Expected-for-%26str" class="anchor">§</a><h3 class="code-header">impl&lt;'a&gt; <a class="trait" href="trait.Expected.html" title="trait serde::de::Expected">Expected</a> for &amp;'a <a class="primitive" href="https://doc.rust-lang.org/nightly/std/primitive.str.html">str</a></h3></section></summary><div class="impl-items"><section id="method.fmt-1" class="method trait-impl"><a class="src rightside" href="../../src/serde/de/mod.rs.html#491-493">source</a><a href="#method.fmt-1" class="anchor">§</a><h4 class="code-header">fn <a href="#tymethod.fmt" class="fn">fmt</a>(&amp;self, formatter: &amp;mut <a class="struct" href="https://doc.rust-lang.org/nightly/core/fmt/struct.Formatter.html" title="struct core::fmt::Formatter">Formatter</a>&lt;'_&gt;) -&gt; <a class="type" href="https://doc.rust-lang.org/nightly/core/fmt/type.Result.html" title="type core::fmt::Result">Result</a></h4></section></div></details><h2 id="implementors" class="section-header">Implementors<a href="#implementors" class="anchor">§</a></h2><div id="implementors-list"><section id="impl-Expected-for-T" class="impl"><a class="src rightside" href="../../src/serde/de/mod.rs.html#481-488">source</a><a href="#impl-Expected-for-T" class="anchor">§</a><h3 class="code-header">impl&lt;'de, T&gt; <a class="trait" href="trait.Expected.html" title="trait serde::de::Expected">Expected</a> for T<div class="where">where
    T: <a class="trait" href="trait.Visitor.html" title="trait serde::de::Visitor">Visitor</a>&lt;'de&gt;,</div></h3></section></div><script src="../../trait.impl/serde/de/trait.Expected.js" data-ignore-extern-crates="std" async></script></section></div></main></body></html>